Le fichier existe déjà, le contenu sera écrasé.
Voulez-vous continuer? Oui/Non : 