Erreur, indiquez une heure valide aprÃ¨s l'option -t
