Dot-file out.dot generated
/page2.html (2 hits)
/page3.html (1 hits)