Erreur, le fichier log indiqu√© n'existe pas ou n'est pas accessible en lecture
