Erreur, le fichier indiqué suite à l'option -g n'est pas un .dot
